2023-03-18 "h / 1234 / CARD, GIFT AND NOVELTY STORES / Belastung"
Liabilities:CreditCard Expenses:TBD                 27.5 CHF

2023-03-19 "e / 1234 / BAKERIES / Belastung"
Liabilities:CreditCard Expenses:TBD                 51.2 CHF

2023-03-19 "f / 1234 / PASSENGER RAILWAYS / Belastung"
Liabilities:CreditCard Expenses:TBD                  9.8 CHF

2023-03-19 "g / 1234 / EATING PLACES, RESTAURANTS / Belastung"
Liabilities:CreditCard Expenses:TBD                177.4 CHF

2023-03-20 "b / 1234 / TRAVEL AGENCIES / Belastung"
Liabilities:CreditCard Expenses:TBD                  0.1 EUR

2023-03-20 "c / 1234 / DEPARTMENT STORES / Belastung"
Liabilities:CreditCard Expenses:TBD                  0.7 CHF

2023-03-20 "d / 1234 / CANDY, NUT, CONFECTIONERY STORES / Belastung"
Liabilities:CreditCard Expenses:TBD                  5.5 CHF

2023-03-21 "a / 1234 / FAST FOOD RESTAURANTS / Belastung"
Liabilities:CreditCard Expenses:TBD                 13.9 CHF

