2021-05-09 "A CHE Tankstelle"
Liabilities:CreditCard Expenses:TBD                  3.2 CHF

2021-05-09 "B CHE Mitgliedschaft in Sportclubs"
Liabilities:CreditCard Expenses:TBD                    3 CHF

2021-05-11 "C CHE Ärztliche Dienstleistungen"
Liabilities:CreditCard Expenses:TBD                   10 CHF

2021-05-13 "D CHE Elektronikgeschäfte, Radio/TV"
Liabilities:CreditCard Expenses:TBD                167.1 CHF

2021-05-14 "E CHE Warenhaus"
Liabilities:CreditCard Expenses:TBD                   73 CHF

2021-05-14 "F CHE Warenhaus"
Liabilities:CreditCard Expenses:TBD                   66 CHF

2021-06-10 "G CHE Warenhaus"
Expenses:TBD           Liabilities:CreditCard          9 CHF

