2020-01-14 "1234 RÜCKVERGÜTUNG RECHNUNGSGEBÜHR 45"
TBD                    Liabilities:CreditCard        0.5 CHF

2020-01-18 "1234 desc4 ZURICH CHE 8003 44"
Liabilities:CreditCard TBD                            14 CHF

2020-02-06 "1234 IHRE ZAHLUNG . BESTEN DANK 43"
TBD                    Liabilities:CreditCard     2000.5 CHF

2020-02-12 "1234 desc1 desc2 CHE 1111 42"
Liabilities:CreditCard TBD                         34.65 CHF

2020-02-12 "1234 desc3 town CHE 1111 42"
Liabilities:CreditCard TBD                          64.6 CHF

2020-02-14 "1234 desc0"
Liabilities:CreditCard TBD                           0.5 CHF

