2020-11-02 "Desc1"
Assets:Postfinance      TBD                            140 CHF

2020-11-05 "Desc2"
Assets:Postfinance      TBD                          35.55 CHF

2020-11-07 "Desc3"
TBD                     Assets:Postfinance               1 CHF

2020-11-16 "Desc4"
Assets:Postfinance      TBD                             11 CHF

